Archive member included to satisfy reference by file (symbol)

/opt/st/stm32cubeide_2.0.0/plugins/com.st.stm32cube.ide.mcu.externaltools.gnu-tools-for-stm32.13.3.rel1.linux64_1.0.100.202509120712/tools/bin/../lib/gcc/arm-none-eabi/13.3.1/../../../../arm-none-eabi/lib/thumb/v7-m/nofp/libc_nano.a(libc_a-exit.o)
                              /opt/st/stm32cubeide_2.0.0/plugins/com.st.stm32cube.ide.mcu.externaltools.gnu-tools-for-stm32.13.3.rel1.linux64_1.0.100.202509120712/tools/bin/../lib/gcc/arm-none-eabi/13.3.1/../../../../arm-none-eabi/lib/thumb/v7-m/nofp/crt0.o (exit)
/opt/st/stm32cubeide_2.0.0/plugins/com.st.stm32cube.ide.mcu.externaltools.gnu-tools-for-stm32.13.3.rel1.linux64_1.0.100.202509120712/tools/bin/../lib/gcc/arm-none-eabi/13.3.1/../../../../arm-none-eabi/lib/thumb/v7-m/nofp/libc_nano.a(libc_a-findfp.o)
                              /opt/st/stm32cubeide_2.0.0/plugins/com.st.stm32cube.ide.mcu.externaltools.gnu-tools-for-stm32.13.3.rel1.linux64_1.0.100.202509120712/tools/bin/../lib/gcc/arm-none-eabi/13.3.1/../../../../arm-none-eabi/lib/thumb/v7-m/nofp/libc_nano.a(libc_a-exit.o) (__stdio_exit_handler)
/opt/st/stm32cubeide_2.0.0/plugins/com.st.stm32cube.ide.mcu.externaltools.gnu-tools-for-stm32.13.3.rel1.linux64_1.0.100.202509120712/tools/bin/../lib/gcc/arm-none-eabi/13.3.1/../../../../arm-none-eabi/lib/thumb/v7-m/nofp/libc_nano.a(libc_a-fwalk.o)
                              /opt/st/stm32cubeide_2.0.0/plugins/com.st.stm32cube.ide.mcu.externaltools.gnu-tools-for-stm32.13.3.rel1.linux64_1.0.100.202509120712/tools/bin/../lib/gcc/arm-none-eabi/13.3.1/../../../../arm-none-eabi/lib/thumb/v7-m/nofp/libc_nano.a(libc_a-findfp.o) (_fwalk_sglue)
/opt/st/stm32cubeide_2.0.0/plugins/com.st.stm32cube.ide.mcu.externaltools.gnu-tools-for-stm32.13.3.rel1.linux64_1.0.100.202509120712/tools/bin/../lib/gcc/arm-none-eabi/13.3.1/../../../../arm-none-eabi/lib/thumb/v7-m/nofp/libc_nano.a(libc_a-stdio.o)
                              /opt/st/stm32cubeide_2.0.0/plugins/com.st.stm32cube.ide.mcu.externaltools.gnu-tools-for-stm32.13.3.rel1.linux64_1.0.100.202509120712/tools/bin/../lib/gcc/arm-none-eabi/13.3.1/../../../../arm-none-eabi/lib/thumb/v7-m/nofp/libc_nano.a(libc_a-findfp.o) (__sread)
/opt/st/stm32cubeide_2.0.0/plugins/com.st.stm32cube.ide.mcu.externaltools.gnu-tools-for-stm32.13.3.rel1.linux64_1.0.100.202509120712/tools/bin/../lib/gcc/arm-none-eabi/13.3.1/../../../../arm-none-eabi/lib/thumb/v7-m/nofp/libc_nano.a(libc_a-memset.o)
                              /opt/st/stm32cubeide_2.0.0/plugins/com.st.stm32cube.ide.mcu.externaltools.gnu-tools-for-stm32.13.3.rel1.linux64_1.0.100.202509120712/tools/bin/../lib/gcc/arm-none-eabi/13.3.1/../../../../arm-none-eabi/lib/thumb/v7-m/nofp/crt0.o (memset)
/opt/st/stm32cubeide_2.0.0/plugins/com.st.stm32cube.ide.mcu.externaltools.gnu-tools-for-stm32.13.3.rel1.linux64_1.0.100.202509120712/tools/bin/../lib/gcc/arm-none-eabi/13.3.1/../../../../arm-none-eabi/lib/thumb/v7-m/nofp/libc_nano.a(libc_a-closer.o)
                              /opt/st/stm32cubeide_2.0.0/plugins/com.st.stm32cube.ide.mcu.externaltools.gnu-tools-for-stm32.13.3.rel1.linux64_1.0.100.202509120712/tools/bin/../lib/gcc/arm-none-eabi/13.3.1/../../../../arm-none-eabi/lib/thumb/v7-m/nofp/libc_nano.a(libc_a-stdio.o) (_close_r)
/opt/st/stm32cubeide_2.0.0/plugins/com.st.stm32cube.ide.mcu.externaltools.gnu-tools-for-stm32.13.3.rel1.linux64_1.0.100.202509120712/tools/bin/../lib/gcc/arm-none-eabi/13.3.1/../../../../arm-none-eabi/lib/thumb/v7-m/nofp/libc_nano.a(libc_a-reent.o)
                              /opt/st/stm32cubeide_2.0.0/plugins/com.st.stm32cube.ide.mcu.externaltools.gnu-tools-for-stm32.13.3.rel1.linux64_1.0.100.202509120712/tools/bin/../lib/gcc/arm-none-eabi/13.3.1/../../../../arm-none-eabi/lib/thumb/v7-m/nofp/libc_nano.a(libc_a-closer.o) (errno)
/opt/st/stm32cubeide_2.0.0/plugins/com.st.stm32cube.ide.mcu.externaltools.gnu-tools-for-stm32.13.3.rel1.linux64_1.0.100.202509120712/tools/bin/../lib/gcc/arm-none-eabi/13.3.1/../../../../arm-none-eabi/lib/thumb/v7-m/nofp/libc_nano.a(libc_a-impure.o)
                              /opt/st/stm32cubeide_2.0.0/plugins/com.st.stm32cube.ide.mcu.externaltools.gnu-tools-for-stm32.13.3.rel1.linux64_1.0.100.202509120712/tools/bin/../lib/gcc/arm-none-eabi/13.3.1/../../../../arm-none-eabi/lib/thumb/v7-m/nofp/libc_nano.a(libc_a-reent.o) (_impure_ptr)
/opt/st/stm32cubeide_2.0.0/plugins/com.st.stm32cube.ide.mcu.externaltools.gnu-tools-for-stm32.13.3.rel1.linux64_1.0.100.202509120712/tools/bin/../lib/gcc/arm-none-eabi/13.3.1/../../../../arm-none-eabi/lib/thumb/v7-m/nofp/libc_nano.a(libc_a-lseekr.o)
                              /opt/st/stm32cubeide_2.0.0/plugins/com.st.stm32cube.ide.mcu.externaltools.gnu-tools-for-stm32.13.3.rel1.linux64_1.0.100.202509120712/tools/bin/../lib/gcc/arm-none-eabi/13.3.1/../../../../arm-none-eabi/lib/thumb/v7-m/nofp/libc_nano.a(libc_a-stdio.o) (_lseek_r)
[...]
Memory Configuration

Name             Origin             Length             Attributes
RAM              0x20000000         0x00005000         xrw
FLASH            0x08000000         0x00020000         xr
*default*        0x00000000         0xffffffff

Linker script and memory map

LOAD /opt/st/stm32cubeide_2.0.0/plugins/com.st.stm32cube.ide.mcu.externaltools.gnu-tools-for-stm32.13.3.rel1.linux64_1.0.100.202509120712/tools/bin/../lib/gcc/arm-none-eabi/13.3.1/thumb/v7-m/nofp/crti.o
LOAD /opt/st/stm32cubeide_2.0.0/plugins/com.st.stm32cube.ide.mcu.externaltools.gnu-tools-for-stm32.13.3.rel1.linux64_1.0.100.202509120712/tools/bin/../lib/gcc/arm-none-eabi/13.3.1/thumb/v7-m/nofp/crtbegin.o
LOAD /opt/st/stm32cubeide_2.0.0/plugins/com.st.stm32cube.ide.mcu.externaltools.gnu-tools-for-stm32.13.3.rel1.linux64_1.0.100.202509120712/tools/bin/../lib/gcc/arm-none-eabi/13.3.1/../../../../arm-none-eabi/lib/thumb/v7-m/nofp/crt0.o
LOAD ./Core/Src/bno085_stm32.o
LOAD ./Core/Src/gpio.o
LOAD ./Core/Src/i2c.o
LOAD ./Core/Src/main.o
LOAD ./Core/Src/sh2.o
LOAD ./Core/Src/sh2_SensorValue.o
LOAD ./Core/Src/sh2_util.o
LOAD ./Core/Src/shtp.o
LOAD ./Core/Src/stm32_bno085_hal.o
LOAD ./Core/Src/stm32f1xx_hal_msp.o
LOAD ./Core/Src/stm32f1xx_it.o
LOAD ./Core/Src/syscalls.o
LOAD ./Core/Src/sysmem.o
LOAD ./Core/Src/system_stm32f1xx.o
LOAD ./Core/Src/usart.o
LOAD ./Core/Startup/startup_stm32f103rbtx.o
LOAD ./Drivers/STM32F1xx_HAL_Driver/Src/stm32f1xx_hal.o
LOAD ./Drivers/STM32F1xx_HAL_Driver/Src/stm32f1xx_hal_cortex.o
LOAD ./Drivers/STM32F1xx_HAL_Driver/Src/stm32f1xx_hal_dma.o
LOAD ./Drivers/STM32F1xx_HAL_Driver/Src/stm32f1xx_hal_exti.o
LOAD ./Drivers/STM32F1xx_HAL_Driver/Src/stm32f1xx_hal_flash.o
LOAD ./Drivers/STM32F1xx_HAL_Driver/Src/stm32f1xx_hal_flash_ex.o
LOAD ./Drivers/STM32F1xx_HAL_Driver/Src/stm32f1xx_hal_gpio.o
LOAD ./Drivers/STM32F1xx_HAL_Driver/Src/stm32f1xx_hal_gpio_ex.o
LOAD ./Drivers/STM32F1xx_HAL_Driver/Src/stm32f1xx_hal_i2c.o
LOAD ./Drivers/STM32F1xx_HAL_Driver/Src/stm32f1xx_hal_pwr.o
LOAD ./Drivers/STM32F1xx_HAL_Driver/Src/stm32f1xx_hal_rcc.o
LOAD ./Drivers/STM32F1xx_HAL_Driver/Src/stm32f1xx_hal_rcc_ex.o
LOAD ./Drivers/STM32F1xx_HAL_Driver/Src/stm32f1xx_hal_uart.o
START GROUP
LOAD /opt/st/stm32cubeide_2.0.0/plugins/com.st.stm32cube.ide.mcu.externaltools.gnu-tools-for-stm32.13.3.rel1.linux64_1.0.100.202509120712/tools/bin/../lib/gcc/arm-none-eabi/13.3.1/../../../../arm-none-eabi/lib/thumb/v7-m/nofp/libc_nano.a
LOAD /opt/st/stm32cubeide_2.0.0/plugins/com.st.stm32cube.ide.mcu.externaltools.gnu-tools-for-stm32.13.3.rel1.linux64_1.0.100.202509120712/tools/bin/../lib/gcc/arm-none-eabi/13.3.1/../../../../arm-none-eabi/lib/thumb/v7-m/nofp/libm.a
END GROUP
START GROUP
LOAD /opt/st/stm32cubeide_2.0.0/plugins/com.st.stm32cube.ide.mcu.externaltools.gnu-tools-for-stm32.13.3.rel1.linux64_1.0.100.202509120712/tools/bin/../lib/gcc/arm-none-eabi/13.3.1/thumb/v7-m/nofp/libgcc.a
LOAD /opt/st/stm32cubeide_2.0.0/plugins/com.st.stm32cube.ide.mcu.externaltools.gnu-tools-for-stm32.13.3.rel1.linux64_1.0.100.202509120712/tools/bin/../lib/gcc/arm-none-eabi/13.3.1/../../../../arm-none-eabi/lib/thumb/v7-m/nofp/libc_nano.a
END GROUP
START GROUP
LOAD /opt/st/stm32cubeide_2.0.0/plugins/com.st.stm32cube.ide.mcu.externaltools.gnu-tools-for-stm32.13.3.rel1.linux64_1.0.100.202509120712/tools/bin/../lib/gcc/arm-none-eabi/13.3.1/thumb/v7-m/nofp/libgcc.a
LOAD /opt/st/stm32cubeide_2.0.0/plugins/com.st.stm32cube.ide.mcu.externaltools.gnu-tools-for-stm32.13.3.rel1.linux64_1.0.100.202509120712/tools/bin/../lib/gcc/arm-none-eabi/13.3.1/../../../../arm-none-eabi/lib/thumb/v7-m/nofp/libc_nano.a
LOAD /opt/st/stm32cubeide_2.0.0/plugins/com.st.stm32cube.ide.mcu.externaltools.gnu-tools-for-stm32.13.3.rel1.linux64_1.0.100.202509120712/tools/bin/../lib/gcc/arm-none-eabi/13.3.1/../../../../arm-none-eabi/lib/thumb/v7-m/nofp/libnosys.a
END GROUP
START GROUP
LOAD /opt/st/stm32cubeide_2.0.0/plugins/com.st.stm32cube.ide.mcu.externaltools.gnu-tools-for-stm32.13.3.rel1.linux64_1.0.100.202509120712/tools/bin/../lib/gcc/arm-none-eabi/13.3.1/thumb/v7-m/nofp/libgcc.a
LOAD /opt/st/stm32cubeide_2.0.0/plugins/com.st.stm32cube.ide.mcu.externaltools.gnu-tools-for-stm32.13.3.rel1.linux64_1.0.100.202509120712/tools/bin/../lib/gcc/arm-none-eabi/13.3.1/../../../../arm-none-eabi/lib/thumb/v7-m/nofp/libc_nano.a
LOAD /opt/st/stm32cubeide_2.0.0/plugins/com.st.stm32cube.ide.mcu.externaltools.gnu-tools-for-stm32.13.3.rel1.linux64_1.0.100.202509120712/tools/bin/../lib/gcc/arm-none-eabi/13.3.1/../../../../arm-none-eabi/lib/thumb/v7-m/nofp/libnosys.a
END GROUP
LOAD /opt/st/stm32cubeide_2.0.0/plugins/com.st.stm32cube.ide.mcu.externaltools.gnu-tools-for-stm32.13.3.rel1.linux64_1.0.100.202509120712/tools/bin/../lib/gcc/arm-none-eabi/13.3.1/thumb/v7-m/nofp/crtend.o
LOAD /opt/st/stm32cubeide_2.0.0/plugins/com.st.stm32cube.ide.mcu.externaltools.gnu-tools-for-stm32.13.3.rel1.linux64_1.0.100.202509120712/tools/bin/../lib/gcc/arm-none-eabi/13.3.1/thumb/v7-m/nofp/crtn.o
                0x20005000                        _estack = (ORIGIN (RAM) + LENGTH (RAM))
                0x00000200                        _Min_Heap_Size = 0x200
                0x00000400                        _Min_Stack_Size = 0x400

.isr_vector     0x08000000      0x10c
                0x08000000                        . = ALIGN (0x4)
 *(.isr_vector)
 .isr_vector    0x08000000      0x10c ./Core/Startup/startup_stm32f103rbtx.o
                0x08000000                g_pfnVectors
                0x0800010c                        . = ALIGN (0x4)

.text           0x0800010c     0x55a0
                0x0800010c                        . = ALIGN (0x4)
 *(.text)
 .text          0x0800010c       0x40 /opt/st/stm32cubeide_2.0.0/plugins/com.st.stm32cube.ide.mcu.externaltools.gnu-tools-for-stm32.13.3.rel1.linux64_1.0.100.202509120712/tools/bin/../lib/gcc/arm-none-eabi/13.3.1/thumb/v7-m/nofp/crtbegin.o
 .text          0x0800014c       0x14 /opt/st/stm32cubeide_2.0.0/plugins/com.st.stm32cube.ide.mcu.externaltools.gnu-tools-for-stm32.13.3.rel1.linux64_1.0.100.202509120712/tools/bin/../lib/gcc/arm-none-eabi/13.3.1/../../../../arm-none-eabi/lib/thumb/v7-m/nofp/libc_nano.a(libc_a-strcmp.o)
                0x0800014c                strcmp
 .text          0x08000160       0x10 /opt/st/stm32cubeide_2.0.0/plugins/com.st.stm32cube.ide.mcu.externaltools.gnu-tools-for-stm32.13.3.rel1.linux64_1.0.100.202509120712/tools/bin/../lib/gcc/arm-none-eabi/13.3.1/../../../../arm-none-eabi/lib/thumb/v7-m/nofp/libc_nano.a(libc_a-strlen.o)
                0x08000160                strlen
 .text          0x08000170      0x168 /opt/st/stm32cubeide_2.0.0/plugins/com.st.stm32cube.ide.mcu.externaltools.gnu-tools-for-stm32.13.3.rel1.linux64_1.0.100.202509120712/tools/bin/../lib/gcc/arm-none-eabi/13.3.1/thumb/v7-m/nofp/libgcc.a(_arm_mulsf3.o)
                0x08000170                __mulsf3
                0x08000170                __aeabi_fmul
 .text          0x080002d8      0x21c /opt/st/stm32cubeide_2.0.0/plugins/com.st.stm32cube.ide.mcu.externaltools.gnu-tools-for-stm32.13.3.rel1.linux64_1.0.100.202509120712/tools/bin/../lib/gcc/arm-none-eabi/13.3.1/thumb/v7-m/nofp/libgcc.a(_arm_addsubsf3.o)
                0x080002d8                __aeabi_frsub
                0x080002e0                __subsf3
                0x080002e0                __aeabi_fsub
                0x080002e4                __aeabi_fadd
                0x080002e4                __addsf3
                0x08000444                __aeabi_ui2f
                0x08000444                __floatunsisf
                0x0800044c                __aeabi_i2f
                0x0800044c                __floatsisf
                0x08000468                __floatundisf
                0x08000468                __aeabi_ul2f
                0x08000478                __floatdisf
                0x08000478                __aeabi_l2f
 *(.text*)
 .text.sensorHandler
                0x080004f4       0x32 ./Core/Src/bno085_stm32.o
 .text.eventHandler
                0x08000526       0x14 ./Core/Src/bno085_stm32.o
 *fill*         0x0800053a        0x2 
 .text.BNO085_Init
                0x0800053c       0x54 ./Core/Src/bno085_stm32.o
                0x0800053c                BNO085_Init
 .text.BNO085_Update
                0x08000590        0xc ./Core/Src/bno085_stm32.o
                0x08000590                BNO085_Update
 .text.MX_GPIO_Init
                0x0800059c       0xdc ./Core/Src/gpio.o
                0x0800059c                MX_GPIO_Init
 .text.MX_I2C1_Init
                0x08000678       0x5c ./Core/Src/i2c.o
                0x08000678                MX_I2C1_Init
 .text.HAL_I2C_MspInit
                0x080006d4       0xa0 ./Core/Src/i2c.o
                0x080006d4                HAL_I2C_MspInit
 .text.main     0x08000774       0x1e ./Core/Src/main.o
                0x08000774                main
 .text.SystemClock_Config
                0x08000792       0x86 ./Core/Src/main.o
                0x08000792                SystemClock_Config
 .text.Error_Handler
                0x08000818        0xc ./Core/Src/main.o
                0x08000818                Error_Handler
 .text.opStart  0x08000824       0x54 ./Core/Src/sh2.o
 .text.opRx     0x08000878       0x3c ./Core/Src/sh2.o
 .text.sensorhubAdvertHdlr
                0x080008b4       0xe0 ./Core/Src/sh2.o
 .text.sensorhubControlHdlr
                0x08000994      0x1a0 ./Core/Src/sh2.o
 .text.opCompleted
                0x08000b34       0x26 ./Core/Src/sh2.o
 *fill*         0x08000b5a        0x2 
 .text.opProcess
                0x08000b5c       0xa4 ./Core/Src/sh2.o
 .text.getReportLen
                0x08000c00       0x4a ./Core/Src/sh2.o
 *fill*         0x08000c4a        0x2 
 .text.touSTimestamp
                0x08000c4c       0x88 ./Core/Src/sh2.o
 .text.sensorhubInputHdlr
                0x08000cd4      0x14a ./Core/Src/sh2.o
 .text.sensorhubInputNormalHdlr
                0x08000e1e       0x28 ./Core/Src/sh2.o
 .text.sensorhubInputWakeHdlr
                0x08000e46       0x28 ./Core/Src/sh2.o
 .text.sensorhubInputGyroRvHdlr
                0x08000e6e       0x9c ./Core/Src/sh2.o
 .text.executableAdvertHdlr
                0x08000f0a       0x1c ./Core/Src/sh2.o
 *fill*         0x08000f26        0x2 
 .text.executableDeviceHdlr
                0x08000f28       0x78 ./Core/Src/sh2.o
 .text.sendCtrl
                0x08000fa0       0x28 ./Core/Src/sh2.o
 .text.getProdIdStart
                0x08000fc8       0x48 ./Core/Src/sh2.o
 .text.getProdIdRx
                0x08001010       0xf0 ./Core/Src/sh2.o
 .text.shtpEventCallback
                0x08001100       0x48 ./Core/Src/sh2.o
 .text.sh2_open
                0x08001148      0x190 ./Core/Src/sh2.o
                0x08001148                sh2_open
 .text.sh2_service
                0x080012d8       0x20 ./Core/Src/sh2.o
                0x080012d8                sh2_service
 .text.sh2_setSensorCallback
                0x080012f8       0x30 ./Core/Src/sh2.o
                0x080012f8                sh2_setSensorCallback
 .text.sh2_getProdIds
                0x08001328       0x3c ./Core/Src/sh2.o
                0x08001328                sh2_getProdIds
 .text.sh2_decodeSensorEvent
                0x08001364      0x2e8 ./Core/Src/sh2_SensorValue.o
                0x08001364                sh2_decodeSensorEvent
 .text.decodeRawAccelerometer
                0x0800164c       0x5c ./Core/Src/sh2_SensorValue.o
 .text.decodeAccelerometer
                0x080016a8       0x86 ./Core/Src/sh2_SensorValue.o
 .text.decodeLinearAcceleration
                0x0800172e       0x86 ./Core/Src/sh2_SensorValue.o
 .text.decodeGravity
                0x080017b4       0x86 ./Core/Src/sh2_SensorValue.o
 .text.decodeRawGyroscope
                0x0800183a       0x6e ./Core/Src/sh2_SensorValue.o
 .text.decodeGyroscopeCalibrated
                0x080018a8       0x86 ./Core/Src/sh2_SensorValue.o
 .text.decodeGyroscopeUncal
                0x0800192e       0xf8 ./Core/Src/sh2_SensorValue.o
 .text.decodeRawMagnetometer
                0x08001a26       0x5c ./Core/Src/sh2_SensorValue.o
 .text.decodeMagneticFieldCalibrated
                0x08001a82       0x86 ./Core/Src/sh2_SensorValue.o
 .text.decodeMagneticFieldUncal
                0x08001b08       0xf8 ./Core/Src/sh2_SensorValue.o
 .text.decodeRotationVector
                0x08001c00       0xd2 ./Core/Src/sh2_SensorValue.o
 .text.decodeGameRotationVector
                0x08001cd2       0xac ./Core/Src/sh2_SensorValue.o
 .text.decodeGeomagneticRotationVector
                0x08001d7e       0xd2 ./Core/Src/sh2_SensorValue.o
 .text.decodePressure
                0x08001e50       0x3a ./Core/Src/sh2_SensorValue.o
 .text.decodeAmbientLight
                0x08001e8a       0x3a ./Core/Src/sh2_SensorValue.o
 .text.decodeHumidity
                0x08001ec4       0x3a ./Core/Src/sh2_SensorValue.o
 .text.decodeProximity
                0x08001efe       0x3a ./Core/Src/sh2_SensorValue.o
 .text.decodeTemperature
                0x08001f38       0x3a ./Core/Src/sh2_SensorValue.o
 .text.decodeReserved
                0x08001f72       0x3a ./Core/Src/sh2_SensorValue.o
 .text.decodeTapDetector
                0x08001fac       0x1e ./Core/Src/sh2_SensorValue.o
 .text.decodeStepDetector
                0x08001fca       0x24 ./Core/Src/sh2_SensorValue.o
 .text.decodeStepCounter
                0x08001fee       0x36 ./Core/Src/sh2_SensorValue.o
 .text.decodeSignificantMotion
                0x08002024       0x26 ./Core/Src/sh2_SensorValue.o
 .text.decodeStabilityClassifier
                0x0800204a       0x1e ./Core/Src/sh2_SensorValue.o
 .text.decodeShakeDetector
                0x08002068       0x26 ./Core/Src/sh2_SensorValue.o
 .text.decodeFlipDetector
                0x0800208e       0x26 ./Core/Src/sh2_SensorValue.o
 .text.decodePickupDetector
                0x080020b4       0x26 ./Core/Src/sh2_SensorValue.o
 .text.decodeStabilityDetector
                0x080020da       0x26 ./Core/Src/sh2_SensorValue.o
 .text.decodePersonalActivityClassifier
                0x08002100       0x64 ./Core/Src/sh2_SensorValue.o
 .text.decodeSleepDetector
                0x08002164       0x1e ./Core/Src/sh2_SensorValue.o
 .text.decodeTiltDetector
                0x08002182       0x26 ./Core/Src/sh2_SensorValue.o
 .text.decodePocketDetector
                0x080021a8       0x26 ./Core/Src/sh2_SensorValue.o
 .text.decodeCircleDetector
                0x080021ce       0x26 ./Core/Src/sh2_SensorValue.o
 .text.decodeHeartRateMonitor
                0x080021f4       0x26 ./Core/Src/sh2_SensorValue.o
 .text.decodeArvrStabilizedRV
                0x0800221a       0xd2 ./Core/Src/sh2_SensorValue.o
 .text.decodeArvrStabilizedGRV
                0x080022ec       0xac ./Core/Src/sh2_SensorValue.o
 .text.decodeGyroIntegratedRV
                0x08002398      0x11e ./Core/Src/sh2_SensorValue.o
 .text.decodeIZroRequest
                0x080024b6       0x26 ./Core/Src/sh2_SensorValue.o
 .text.readu8   0x080024dc       0x1a ./Core/Src/sh2_util.o
                0x080024dc                readu8
 .text.readu16  0x080024f6       0x2c ./Core/Src/sh2_util.o
                0x080024f6                readu16
 .text.readu32  0x08002522       0x3a ./Core/Src/sh2_util.o
                0x08002522                readu32
 .text.read16   0x0800255c       0x2c ./Core/Src/sh2_util.o
                0x0800255c                read16
 .text.read32   0x08002588       0x3a ./Core/Src/sh2_util.o
                0x08002588                read32
 *fill*         0x080025c2        0x2 
 .text.shtp_init
                0x080025c4       0x24 ./Core/Src/shtp.o
 .text.getInstance
                0x080025e8       0x4c ./Core/Src/shtp.o
 .text.addAdvertListener
                0x08002634       0x66 ./Core/Src/shtp.o
 .text.updateCallbacks
                0x0800269a      0x12e ./Core/Src/shtp.o
 .text.addChanListener
                0x080027c8       0x7c ./Core/Src/shtp.o
 .text.min_u16  0x08002844       0x28 ./Core/Src/shtp.o
 .text.txProcess
                0x0800286c      0x126 ./Core/Src/shtp.o
 .text.shtpAdvertHdlr
                0x08002992       0x44 ./Core/Src/shtp.o
 .text.addApp   0x080029d6       0x98 ./Core/Src/shtp.o
 .text.setAppName
                0x08002a6e       0x6c ./Core/Src/shtp.o
 .text.addChannel
                0x08002ada       0x6e ./Core/Src/shtp.o
 .text.callAdvertHandler
                0x08002b48       0x94 ./Core/Src/shtp.o
 .text.processAdvertisement
                0x08002bdc      0x26c ./Core/Src/shtp.o
 .text.shtpCmdListener
                0x08002e48       0x46 ./Core/Src/shtp.o
 .text.rxAssemble
                0x08002e8e      0x22c ./Core/Src/shtp.o
 *fill*         0x080030ba        0x2 
 .text.shtp_open
                0x080030bc       0xc0 ./Core/Src/shtp.o
                0x080030bc                shtp_open
 .text.shtp_setEventCallback
                0x0800317c       0x26 ./Core/Src/shtp.o
                0x0800317c                shtp_setEventCallback
 .text.shtp_listenChan
                0x080031a2       0x42 ./Core/Src/shtp.o
                0x080031a2                shtp_listenChan
 .text.shtp_listenAdvert
                0x080031e4       0x3c ./Core/Src/shtp.o
                0x080031e4                shtp_listenAdvert
 .text.shtp_chanNo
                0x08003220       0xcc ./Core/Src/shtp.o
                0x08003220                shtp_chanNo
 .text.shtp_send
                0x080032ec       0x5e ./Core/Src/shtp.o
                0x080032ec                shtp_send
 *fill*         0x0800334a        0x2 
 .text.shtp_service
                0x0800334c       0x80 ./Core/Src/shtp.o
                0x0800334c                shtp_service
 .text.stm32_getTimeUs
                0x080033cc       0x1c ./Core/Src/stm32_bno085_hal.o
 .text.stm32_i2c_open
                0x080033e8       0x68 ./Core/Src/stm32_bno085_hal.o
 .text.stm32_i2c_close
                0x08003450       0x12 ./Core/Src/stm32_bno085_hal.o
 *fill*         0x08003462        0x2 
 .text.stm32_i2c_read
                0x08003464      0x14c ./Core/Src/stm32_bno085_hal.o
 .text.stm32_i2c_write
                0x080035b0       0x38 ./Core/Src/stm32_bno085_hal.o
 .text.HAL_MspInit
                0x080035e8       0x64 ./Core/Src/stm32f1xx_hal_msp.o
                0x080035e8                HAL_MspInit
 .text.NMI_Handler
                0x0800364c        0x8 ./Core/Src/stm32f1xx_it.o
                0x0800364c                NMI_Handler
 .text.HardFault_Handler
                0x08003654        0x8 ./Core/Src/stm32f1xx_it.o
                0x08003654                HardFault_Handler
 .text.MemManage_Handler
                0x0800365c        0x8 ./Core/Src/stm32f1xx_it.o
                0x0800365c                MemManage_Handler
 .text.BusFault_Handler
                0x08003664        0x8 ./Core/Src/stm32f1xx_it.o
                0x08003664                BusFault_Handler
 .text.UsageFault_Handler
                0x0800366c        0x8 ./Core/Src/stm32f1xx_it.o
                0x0800366c                UsageFault_Handler
 .text.SVC_Handler
                0x08003674        0xc ./Core/Src/stm32f1xx_it.o
                0x08003674                SVC_Handler
 .text.DebugMon_Handler
                0x08003680        0xc ./Core/Src/stm32f1xx_it.o
                0x08003680                DebugMon_Handler
 .text.PendSV_Handler
                0x0800368c        0xc ./Core/Src/stm32f1xx_it.o
                0x0800368c                PendSV_Handler
 .text.SysTick_Handler
                0x08003698        0xc ./Core/Src/stm32f1xx_it.o
                0x08003698                SysTick_Handler
 .text.EXTI15_10_IRQHandler
                0x080036a4       0x10 ./Core/Src/stm32f1xx_it.o
                0x080036a4                EXTI15_10_IRQHandler
 .text.SystemInit
                0x080036b4        0xc ./Core/Src/system_stm32f1xx.o
                0x080036b4                SystemInit
 .text.Reset_Handler
                0x080036c0       0x48 ./Core/Startup/startup_stm32f103rbtx.o
                0x080036c0                Reset_Handler
 .text.Default_Handler
                0x08003708        0x2 ./Core/Startup/startup_stm32f103rbtx.o
                0x08003708                RTC_Alarm_IRQHandler
                0x08003708                EXTI2_IRQHandler
                0x08003708                TIM1_CC_IRQHandler
                0x08003708                PVD_IRQHandler
                0x08003708                EXTI3_IRQHandler
                0x08003708                EXTI0_IRQHandler
                0x08003708                I2C2_EV_IRQHandler
                0x08003708                ADC1_2_IRQHandler
                0x08003708                SPI1_IRQHandler
                0x08003708                TAMPER_IRQHandler
                0x08003708                DMA1_Channel4_IRQHandler
                0x08003708                USART3_IRQHandler
                0x08003708                RTC_IRQHandler
                0x08003708                DMA1_Channel7_IRQHandler
                0x08003708                CAN1_RX1_IRQHandler
                0x08003708                TIM4_IRQHandler
                0x08003708                I2C1_EV_IRQHandler
                0x08003708                DMA1_Channel6_IRQHandler
                0x08003708                TIM3_IRQHandler
                0x08003708                RCC_IRQHandler
                0x08003708                TIM1_TRG_COM_IRQHandler
                0x08003708                DMA1_Channel1_IRQHandler
                0x08003708                Default_Handler
                0x08003708                EXTI9_5_IRQHandler
                0x08003708                SPI2_IRQHandler
                0x08003708                DMA1_Channel5_IRQHandler
                0x08003708                EXTI4_IRQHandler
                0x08003708                USB_LP_CAN1_RX0_IRQHandler
                0x08003708                USB_HP_CAN1_TX_IRQHandler
                0x08003708                DMA1_Channel3_IRQHandler
                0x08003708                TIM1_UP_IRQHandler
                0x08003708                WWDG_IRQHandler
                0x08003708                TIM2_IRQHandler
                0x08003708                TIM1_BRK_IRQHandler
                0x08003708                EXTI1_IRQHandler
                0x08003708                USART2_IRQHandler
                0x08003708                I2C2_ER_IRQHandler
                0x08003708                DMA1_Channel2_IRQHandler
                0x08003708                CAN1_SCE_IRQHandler
                0x08003708                FLASH_IRQHandler
                0x08003708                USART1_IRQHandler
                0x08003708                I2C1_ER_IRQHandler
                0x08003708                USBWakeUp_IRQHandler
 *fill*         0x0800370a        0x2 
 .text.HAL_Init
                0x0800370c       0x2c ./Drivers/STM32F1xx_HAL_Driver/Src/stm32f1xx_hal.o
                0x0800370c                HAL_Init
 .text.HAL_InitTick
                0x08003738       0x60 ./Drivers/STM32F1xx_HAL_Driver/Src/stm32f1xx_hal.o
                0x08003738                HAL_InitTick
 .text.HAL_IncTick
                0x08003798       0x24 ./Drivers/STM32F1xx_HAL_Driver/Src/stm32f1xx_hal.o
                0x08003798                HAL_IncTick
 .text.HAL_GetTick
                0x080037bc       0x14 ./Drivers/STM32F1xx_HAL_Driver/Src/stm32f1xx_hal.o
                0x080037bc                HAL_GetTick
 .text.HAL_Delay
                0x080037d0       0x48 ./Drivers/STM32F1xx_HAL_Driver/Src/stm32f1xx_hal.o
                0x080037d0                HAL_Delay
 .text.__NVIC_SetPriorityGrouping
                0x08003818       0x48 ./Drivers/STM32F1xx_HAL_Driver/Src/stm32f1xx_hal_cortex.o
 .text.__NVIC_GetPriorityGrouping
                0x08003860       0x1c ./Drivers/STM32F1xx_HAL_Driver/Src/stm32f1xx_hal_cortex.o
 .text.__NVIC_EnableIRQ
                0x0800387c       0x38 ./Drivers/STM32F1xx_HAL_Driver/Src/stm32f1xx_hal_cortex.o
 .text.__NVIC_SetPriority
                0x080038b4       0x54 ./Drivers/STM32F1xx_HAL_Driver/Src/stm32f1xx_hal_cortex.o
 .text.NVIC_EncodePriority
                0x08003908       0x64 ./Drivers/STM32F1xx_HAL_Driver/Src/stm32f1xx_hal_cortex.o
 .text.SysTick_Config
                0x0800396c       0x44 ./Drivers/STM32F1xx_HAL_Driver/Src/stm32f1xx_hal_cortex.o
 .text.HAL_NVIC_SetPriorityGrouping
                0x080039b0       0x16 ./Drivers/STM32F1xx_HAL_Driver/Src/stm32f1xx_hal_cortex.o
                0x080039b0                HAL_NVIC_SetPriorityGrouping
 .text.HAL_NVIC_SetPriority
                0x080039c6       0x38 ./Drivers/STM32F1xx_HAL_Driver/Src/stm32f1xx_hal_cortex.o
                0x080039c6                HAL_NVIC_SetPriority
 .text.HAL_NVIC_EnableIRQ
                0x080039fe       0x1c ./Drivers/STM32F1xx_HAL_Driver/Src/stm32f1xx_hal_cortex.o
                0x080039fe                HAL_NVIC_EnableIRQ
 .text.HAL_SYSTICK_Config
                0x08003a1a       0x18 ./Drivers/STM32F1xx_HAL_Driver/Src/stm32f1xx_hal_cortex.o
                0x08003a1a                HAL_SYSTICK_Config
 *fill*         0x08003a32        0x2 
 .text.HAL_GPIO_Init
                0x08003a34      0x308 ./Drivers/STM32F1xx_HAL_Driver/Src/stm32f1xx_hal_gpio.o
                0x08003a34                HAL_GPIO_Init
 .text.HAL_GPIO_WritePin
                0x08003d3c       0x30 ./Drivers/STM32F1xx_HAL_Driver/Src/stm32f1xx_hal_gpio.o
                0x08003d3c                HAL_GPIO_WritePin
 .text.HAL_GPIO_EXTI_IRQHandler
                0x08003d6c       0x30 ./Drivers/STM32F1xx_HAL_Driver/Src/stm32f1xx_hal_gpio.o
                0x08003d6c                HAL_GPIO_EXTI_IRQHandler
 .text.HAL_GPIO_EXTI_Callback
                0x08003d9c       0x14 ./Drivers/STM32F1xx_HAL_Driver/Src/stm32f1xx_hal_gpio.o
                0x08003d9c                HAL_GPIO_EXTI_Callback
 .text.HAL_I2C_Init
                0x08003db0      0x288 ./Drivers/STM32F1xx_HAL_Driver/Src/stm32f1xx_hal_i2c.o
                0x08003db0                HAL_I2C_Init
 .text.HAL_I2C_Master_Transmit
                0x08004038      0x1fc ./Drivers/STM32F1xx_HAL_Driver/Src/stm32f1xx_hal_i2c.o
                0x08004038                HAL_I2C_Master_Transmit
 .text.HAL_I2C_Master_Receive
                0x08004234      0x4d8 ./Drivers/STM32F1xx_HAL_Driver/Src/stm32f1xx_hal_i2c.o
                0x08004234                HAL_I2C_Master_Receive
 .text.I2C_MasterRequestWrite
                0x0800470c      0x104 ./Drivers/STM32F1xx_HAL_Driver/Src/stm32f1xx_hal_i2c.o
 .text.I2C_MasterRequestRead
                0x08004810      0x19c ./Drivers/STM32F1xx_HAL_Driver/Src/stm32f1xx_hal_i2c.o
 .text.I2C_WaitOnFlagUntilTimeout
                0x080049ac       0xf4 ./Drivers/STM32F1xx_HAL_Driver/Src/stm32f1xx_hal_i2c.o
 .text.I2C_WaitOnMasterAddressFlagUntilTimeout
                0x08004aa0      0x140 ./Drivers/STM32F1xx_HAL_Driver/Src/stm32f1xx_hal_i2c.o
 .text.I2C_WaitOnTXEFlagUntilTimeout
                0x08004be0       0x90 ./Drivers/STM32F1xx_HAL_Driver/Src/stm32f1xx_hal_i2c.o
 .text.I2C_WaitOnBTFFlagUntilTimeout
                0x08004c70       0x90 ./Drivers/STM32F1xx_HAL_Driver/Src/stm32f1xx_hal_i2c.o
 .text.I2C_WaitOnRXNEFlagUntilTimeout
                0x08004d00       0xba ./Drivers/STM32F1xx_HAL_Driver/Src/stm32f1xx_hal_i2c.o
 .text.I2C_IsAcknowledgeFailed
                0x08004dba       0x5c ./Drivers/STM32F1xx_HAL_Driver/Src/stm32f1xx_hal_i2c.o
 *fill*         0x08004e16        0x2 
 .text.HAL_RCC_OscConfig
                0x08004e18      0x504 ./Drivers/STM32F1xx_HAL_Driver/Src/stm32f1xx_hal_rcc.o
                0x08004e18                HAL_RCC_OscConfig
 .text.HAL_RCC_ClockConfig
                0x0800531c      0x1d4 ./Drivers/STM32F1xx_HAL_Driver/Src/stm32f1xx_hal_rcc.o
                0x0800531c                HAL_RCC_ClockConfig
 .text.HAL_RCC_GetSysClockFreq
                0x080054f0       0xa8 ./Drivers/STM32F1xx_HAL_Driver/Src/stm32f1xx_hal_rcc.o
                0x080054f0                HAL_RCC_GetSysClockFreq
 .text.HAL_RCC_GetHCLKFreq
                0x08005598       0x14 ./Drivers/STM32F1xx_HAL_Driver/Src/stm32f1xx_hal_rcc.o
                0x08005598                HAL_RCC_GetHCLKFreq
 .text.HAL_RCC_GetPCLK1Freq
                0x080055ac       0x28 ./Drivers/STM32F1xx_HAL_Driver/Src/stm32f1xx_hal_rcc.o
                0x080055ac                HAL_RCC_GetPCLK1Freq
 .text.RCC_Delay
                0x080055d4       0x3c ./Drivers/STM32F1xx_HAL_Driver/Src/stm32f1xx_hal_rcc.o
 .text.memset   0x08005610       0x10 /opt/st/stm32cubeide_2.0.0/plugins/com.st.stm32cube.ide.mcu.externaltools.gnu-tools-for-stm32.13.3.rel1.linux64_1.0.100.202509120712/tools/bin/../lib/gcc/arm-none-eabi/13.3.1/../../../../arm-none-eabi/lib/thumb/v7-m/nofp/libc_nano.a(libc_a-memset.o)
                0x08005610                memset
 .text.__libc_init_array
                0x08005620       0x48 /opt/st/stm32cubeide_2.0.0/plugins/com.st.stm32cube.ide.mcu.externaltools.gnu-tools-for-stm32.13.3.rel1.linux64_1.0.100.202509120712/tools/bin/../lib/gcc/arm-none-eabi/13.3.1/../../../../arm-none-eabi/lib/thumb/v7-m/nofp/libc_nano.a(libc_a-init.o)
                0x08005620                __libc_init_array
 .text.strcpy   0x08005668       0x10 /opt/st/stm32cubeide_2.0.0/plugins/com.st.stm32cube.ide.mcu.externaltools.gnu-tools-for-stm32.13.3.rel1.linux64_1.0.100.202509120712/tools/bin/../lib/gcc/arm-none-eabi/13.3.1/../../../../arm-none-eabi/lib/thumb/v7-m/nofp/libc_nano.a(libc_a-strcpy.o)
                0x08005668                strcpy
 .text.memcpy   0x08005678       0x1c /opt/st/stm32cubeide_2.0.0/plugins/com.st.stm32cube.ide.mcu.externaltools.gnu-tools-for-stm32.13.3.rel1.linux64_1.0.100.202509120712/tools/bin/../lib/gcc/arm-none-eabi/13.3.1/../../../../arm-none-eabi/lib/thumb/v7-m/nofp/libc_nano.a(libc_a-memcpy-stub.o)
                0x08005678                memcpy
 *(.glue_7)
 .glue_7        0x08005694        0x0 linker stubs
 *(.glue_7t)
 .glue_7t       0x08005694        0x0 linker stubs
 *(.eh_frame)
 .eh_frame      0x08005694        0x0 /opt/st/stm32cubeide_2.0.0/plugins/com.st.stm32cube.ide.mcu.externaltools.gnu-tools-for-stm32.13.3.rel1.linux64_1.0.100.202509120712/tools/bin/../lib/gcc/arm-none-eabi/13.3.1/thumb/v7-m/nofp/crtbegin.o
 *(.init)
 .init          0x08005694        0x4 /opt/st/stm32cubeide_2.0.0/plugins/com.st.stm32cube.ide.mcu.externaltools.gnu-tools-for-stm32.13.3.rel1.linux64_1.0.100.202509120712/tools/bin/../lib/gcc/arm-none-eabi/13.3.1/thumb/v7-m/nofp/crti.o
                0x08005694                _init
 .init          0x08005698        0x8 /opt/st/stm32cubeide_2.0.0/plugins/com.st.stm32cube.ide.mcu.externaltools.gnu-tools-for-stm32.13.3.rel1.linux64_1.0.100.202509120712/tools/bin/../lib/gcc/arm-none-eabi/13.3.1/thumb/v7-m/nofp/crtn.o
 *(.fini)
 .fini          0x080056a0        0x4 /opt/st/stm32cubeide_2.0.0/plugins/com.st.stm32cube.ide.mcu.externaltools.gnu-tools-for-stm32.13.3.rel1.linux64_1.0.100.202509120712/tools/bin/../lib/gcc/arm-none-eabi/13.3.1/thumb/v7-m/nofp/crti.o
                0x080056a0                _fini
 .fini          0x080056a4        0x8 /opt/st/stm32cubeide_2.0.0/plugins/com.st.stm32cube.ide.mcu.externaltools.gnu-tools-for-stm32.13.3.rel1.linux64_1.0.100.202509120712/tools/bin/../lib/gcc/arm-none-eabi/13.3.1/thumb/v7-m/nofp/crtn.o
                0x080056ac                        . = ALIGN (0x4)
                0x080056ac                        _etext = .

.vfp11_veneer   0x080056ac        0x0
 .vfp11_veneer  0x080056ac        0x0 linker stubs

.v4_bx          0x080056ac        0x0
 .v4_bx         0x080056ac        0x0 linker stubs

.iplt           0x080056ac        0x0
 .iplt          0x080056ac        0x0 /opt/st/stm32cubeide_2.0.0/plugins/com.st.stm32cube.ide.mcu.externaltools.gnu-tools-for-stm32.13.3.rel1.linux64_1.0.100.202509120712/tools/bin/../lib/gcc/arm-none-eabi/13.3.1/thumb/v7-m/nofp/crtbegin.o

.rodata         0x080056ac       0x98
                0x080056ac                        . = ALIGN (0x4)
 *(.rodata)
 .rodata        0x080056ac       0x4c ./Core/Src/sh2.o
 .rodata        0x080056f8        0x8 ./Core/Src/shtp.o
 .rodata        0x08005700        0x5 ./Core/Src/stm32_bno085_hal.o
 *(.rodata*)
 *fill*         0x08005705        0x3 
 .rodata.getProdIdOp
                0x08005708        0xc ./Core/Src/sh2.o
                0x08005708                getProdIdOp
 .rodata.advertise
                0x08005714        0x2 ./Core/Src/shtp.o
 *fill*         0x08005716        0x2 
 .rodata.AHBPrescTable
                0x08005718       0x10 ./Core/Src/system_stm32f1xx.o
                0x08005718                AHBPrescTable
 .rodata.APBPrescTable
                0x08005728        0x8 ./Core/Src/system_stm32f1xx.o
                0x08005728                APBPrescTable
 .rodata.aPLLMULFactorTable.1
                0x08005730       0x10 ./Drivers/STM32F1xx_HAL_Driver/Src/stm32f1xx_hal_rcc.o
 .rodata.aPredivFactorTable.0
                0x08005740        0x2 ./Drivers/STM32F1xx_HAL_Driver/Src/stm32f1xx_hal_rcc.o
                0x08005744                        . = ALIGN (0x4)
 *fill*         0x08005742        0x2 

.ARM.extab      0x08005744        0x0
                0x08005744                        . = ALIGN (0x4)
 *(.ARM.extab* .gnu.linkonce.armextab.*)
                0x08005744                        . = ALIGN (0x4)

.ARM            0x08005744        0x8
                0x08005744                        . = ALIGN (0x4)
                0x08005744                        __exidx_start = .
 *(.ARM.exidx*)
 .ARM.exidx     0x08005744        0x8 /opt/st/stm32cubeide_2.0.0/plugins/com.st.stm32cube.ide.mcu.externaltools.gnu-tools-for-stm32.13.3.rel1.linux64_1.0.100.202509120712/tools/bin/../lib/gcc/arm-none-eabi/13.3.1/../../../../arm-none-eabi/lib/thumb/v7-m/nofp/libc_nano.a(libc_a-strcmp.o)
 .ARM.exidx     0x0800574c        0x0 /opt/st/stm32cubeide_2.0.0/plugins/com.st.stm32cube.ide.mcu.externaltools.gnu-tools-for-stm32.13.3.rel1.linux64_1.0.100.202509120712/tools/bin/../lib/gcc/arm-none-eabi/13.3.1/../../../../arm-none-eabi/lib/thumb/v7-m/nofp/libc_nano.a(libc_a-strlen.o)
                                  0x8 (size before relaxing)
                0x0800574c                        __exidx_end = .
                0x0800574c                        . = ALIGN (0x4)

.preinit_array  0x0800574c        0x0
                0x0800574c                        . = ALIGN (0x4)
                0x0800574c                        PROVIDE (__preinit_array_start = .)
 *(.preinit_array*)
                0x0800574c                        PROVIDE (__preinit_array_end = .)
                0x0800574c                        . = ALIGN (0x4)

.init_array     0x0800574c        0x4
                0x0800574c                        . = ALIGN (0x4)
                0x0800574c                        PROVIDE (__init_array_start = .)
 *(SORT_BY_NAME(.init_array.*))
 *(.init_array*)
 .init_array    0x0800574c        0x4 /opt/st/stm32cubeide_2.0.0/plugins/com.st.stm32cube.ide.mcu.externaltools.gnu-tools-for-stm32.13.3.rel1.linux64_1.0.100.202509120712/tools/bin/../lib/gcc/arm-none-eabi/13.3.1/thumb/v7-m/nofp/crtbegin.o
                0x08005750                        PROVIDE (__init_array_end = .)
                0x08005750                        . = ALIGN (0x4)

.fini_array     0x08005750        0x4
                0x08005750                        . = ALIGN (0x4)
                [!provide]                        PROVIDE (__fini_array_start = .)
 *(SORT_BY_NAME(.fini_array.*))
 *(.fini_array*)
 .fini_array    0x08005750        0x4 /opt/st/stm32cubeide_2.0.0/plugins/com.st.stm32cube.ide.mcu.externaltools.gnu-tools-for-stm32.13.3.rel1.linux64_1.0.100.202509120712/tools/bin/../lib/gcc/arm-none-eabi/13.3.1/thumb/v7-m/nofp/crtbegin.o
                [!provide]                        PROVIDE (__fini_array_end = .)
                0x08005754                        . = ALIGN (0x4)
                0x08005754                        _sidata = LOADADDR (.data)

.rel.dyn        0x08005754        0x0
 .rel.iplt      0x08005754        0x0 /opt/st/stm32cubeide_2.0.0/plugins/com.st.stm32cube.ide.mcu.externaltools.gnu-tools-for-stm32.13.3.rel1.linux64_1.0.100.202509120712/tools/bin/../lib/gcc/arm-none-eabi/13.3.1/thumb/v7-m/nofp/crtbegin.o

.data           0x20000000       0x20 load address 0x08005754
                0x20000000                        . = ALIGN (0x4)
                0x20000000                        _sdata = .
 *(.data)
 *(.data*)
 .data.stm32_hal
                0x20000000       0x14 ./Core/Src/stm32_bno085_hal.o
                0x20000000                stm32_hal
 .data.SystemCoreClock
                0x20000014        0x4 ./Core/Src/system_stm32f1xx.o
                0x20000014                SystemCoreClock
 .data.uwTickPrio
                0x20000018        0x4 ./Drivers/STM32F1xx_HAL_Driver/Src/stm32f1xx_hal.o
                0x20000018                uwTickPrio
 .data.uwTickFreq
                0x2000001c        0x1 ./Drivers/STM32F1xx_HAL_Driver/Src/stm32f1xx_hal.o
                0x2000001c                uwTickFreq
 *(.RamFunc)
 *(.RamFunc*)
                0x20000020                        . = ALIGN (0x4)
 *fill*         0x2000001d        0x3 
                0x20000020                        _edata = .

.igot.plt       0x20000020        0x0 load address 0x08005774
 .igot.plt      0x20000020        0x0 /opt/st/stm32cubeide_2.0.0/plugins/com.st.stm32cube.ide.mcu.externaltools.gnu-tools-for-stm32.13.3.rel1.linux64_1.0.100.202509120712/tools/bin/../lib/gcc/arm-none-eabi/13.3.1/thumb/v7-m/nofp/crtbegin.o
                0x20000020                        . = ALIGN (0x4)

.bss            0x20000020      0xad0 load address 0x08005774
                0x20000020                        _sbss = .
                0x20000020                        __bss_start__ = _sbss
 *(.bss)
 .bss           0x20000020       0x1c /opt/st/stm32cubeide_2.0.0/plugins/com.st.stm32cube.ide.mcu.externaltools.gnu-tools-for-stm32.13.3.rel1.linux64_1.0.100.202509120712/tools/bin/../lib/gcc/arm-none-eabi/13.3.1/thumb/v7-m/nofp/crtbegin.o
 *(.bss*)
 .bss.hi2c1     0x2000003c       0x54 ./Core/Src/i2c.o
                0x2000003c                hi2c1
 .bss._sh2      0x20000090      0x1fc ./Core/Src/sh2.o
                0x20000090                _sh2
 .bss.sh2AsyncEvent
                0x2000028c       0x1c ./Core/Src/sh2.o
 .bss.lastHostInt.1
                0x200002a8        0x4 ./Core/Src/sh2.o
 .bss.rollovers.0
                0x200002ac        0x4 ./Core/Src/sh2.o
 .bss.instances
                0x200002b0      0x834 ./Core/Src/shtp.o
 .bss.shtp_initialized
                0x20000ae4        0x1 ./Core/Src/shtp.o
 *fill*         0x20000ae5        0x3 
 .bss.microsCounter
                0x20000ae8        0x4 ./Core/Src/stm32_bno085_hal.o
 .bss.uwTick    0x20000aec        0x4 ./Drivers/STM32F1xx_HAL_Driver/Src/stm32f1xx_hal.o
                0x20000aec                uwTick
 *(COMMON)
                0x20000af0                        . = ALIGN (0x4)
                0x20000af0                        _ebss = .
                0x20000af0                        __bss_end__ = _ebss

._user_heap_stack
                0x20000af0      0x600 load address 0x08005774
                0x20000af0                        . = ALIGN (0x8)
                [!provide]                        PROVIDE (end = .)
                0x20000af0                        PROVIDE (_end = .)
                0x20000cf0                        . = (. + _Min_Heap_Size)
 *fill*         0x20000af0      0x200 
                0x200010f0                        . = (. + _Min_Stack_Size)
 *fill*         0x20000cf0      0x400 
                0x200010f0                        . = ALIGN (0x8)

/DISCARD/
 libc.a(*)
 libm.a(*)
 libgcc.a(*)

.ARM.attributes
                0x00000000       0x29
 *(.ARM.attributes)
 .ARM.attributes
                0x00000000       0x1d /opt/st/stm32cubeide_2.0.0/plugins/com.st.stm32cube.ide.mcu.externaltools.gnu-tools-for-stm32.13.3.rel1.linux64_1.0.100.202509120712/tools/bin/../lib/gcc/arm-none-eabi/13.3.1/thumb/v7-m/nofp/crti.o
 .ARM.attributes
                0x0000001d       0x2d /opt/st/stm32cubeide_2.0.0/plugins/com.st.stm32cube.ide.mcu.externaltools.gnu-tools-for-stm32.13.3.rel1.linux64_1.0.100.202509120712/tools/bin/../lib/gcc/arm-none-eabi/13.3.1/thumb/v7-m/nofp/crtbegin.o
 .ARM.attributes
                0x0000004a       0x2d ./Core/Src/bno085_stm32.o
 .ARM.attributes
                0x00000077       0x2d ./Core/Src/gpio.o
 .ARM.attributes
                0x000000a4       0x2d ./Core/Src/i2c.o
 .ARM.attributes
                0x000000d1       0x2d ./Core/Src/main.o
 .ARM.attributes
                0x000000fe       0x2d ./Core/Src/sh2.o
 .ARM.attributes
                0x0000012b       0x2d ./Core/Src/sh2_SensorValue.o
 .ARM.attributes
                0x00000158       0x2d ./Core/Src/sh2_util.o
 .ARM.attributes
                0x00000185       0x2d ./Core/Src/shtp.o
 .ARM.attributes
                0x000001b2       0x2d ./Core/Src/stm32_bno085_hal.o
 .ARM.attributes
                0x000001df       0x2d ./Core/Src/stm32f1xx_hal_msp.o
 .ARM.attributes
                0x0000020c       0x2d ./Core/Src/stm32f1xx_it.o
 .ARM.attributes
                0x00000239       0x2d ./Core/Src/system_stm32f1xx.o
 .ARM.attributes
                0x00000266       0x21 ./Core/Startup/startup_stm32f103rbtx.o
 .ARM.attributes
                0x00000287       0x2d ./Drivers/STM32F1xx_HAL_Driver/Src/stm32f1xx_hal.o
 .ARM.attributes
                0x000002b4       0x2d ./Drivers/STM32F1xx_HAL_Driver/Src/stm32f1xx_hal_cortex.o
 .ARM.attributes
                0x000002e1       0x2d ./Drivers/STM32F1xx_HAL_Driver/Src/stm32f1xx_hal_gpio.o
 .ARM.attributes
                0x0000030e       0x2d ./Drivers/STM32F1xx_HAL_Driver/Src/stm32f1xx_hal_i2c.o
 .ARM.attributes
                0x0000033b       0x2d ./Drivers/STM32F1xx_HAL_Driver/Src/stm32f1xx_hal_rcc.o
 .ARM.attributes
                0x00000368       0x2d /opt/st/stm32cubeide_2.0.0/plugins/com.st.stm32cube.ide.mcu.externaltools.gnu-tools-for-stm32.13.3.rel1.linux64_1.0.100.202509120712/tools/bin/../lib/gcc/arm-none-eabi/13.3.1/../../../../arm-none-eabi/lib/thumb/v7-m/nofp/libc_nano.a(libc_a-memset.o)
 .ARM.attributes
                0x00000395       0x2d /opt/st/stm32cubeide_2.0.0/plugins/com.st.stm32cube.ide.mcu.externaltools.gnu-tools-for-stm32.13.3.rel1.linux64_1.0.100.202509120712/tools/bin/../lib/gcc/arm-none-eabi/13.3.1/../../../../arm-none-eabi/lib/thumb/v7-m/nofp/libc_nano.a(libc_a-init.o)
 .ARM.attributes
                0x000003c2       0x1b /opt/st/stm32cubeide_2.0.0/plugins/com.st.stm32cube.ide.mcu.externaltools.gnu-tools-for-stm32.13.3.rel1.linux64_1.0.100.202509120712/tools/bin/../lib/gcc/arm-none-eabi/13.3.1/../../../../arm-none-eabi/lib/thumb/v7-m/nofp/libc_nano.a(libc_a-strcmp.o)
 .ARM.attributes
                0x000003dd       0x2d /opt/st/stm32cubeide_2.0.0/plugins/com.st.stm32cube.ide.mcu.externaltools.gnu-tools-for-stm32.13.3.rel1.linux64_1.0.100.202509120712/tools/bin/../lib/gcc/arm-none-eabi/13.3.1/../../../../arm-none-eabi/lib/thumb/v7-m/nofp/libc_nano.a(libc_a-strcpy.o)
 .ARM.attributes
                0x0000040a       0x2d /opt/st/stm32cubeide_2.0.0/plugins/com.st.stm32cube.ide.mcu.externaltools.gnu-tools-for-stm32.13.3.rel1.linux64_1.0.100.202509120712/tools/bin/../lib/gcc/arm-none-eabi/13.3.1/../../../../arm-none-eabi/lib/thumb/v7-m/nofp/libc_nano.a(libc_a-memcpy-stub.o)
 .ARM.attributes
                0x00000437       0x17 /opt/st/stm32cubeide_2.0.0/plugins/com.st.stm32cube.ide.mcu.externaltools.gnu-tools-for-stm32.13.3.rel1.linux64_1.0.100.202509120712/tools/bin/../lib/gcc/arm-none-eabi/13.3.1/../../../../arm-none-eabi/lib/thumb/v7-m/nofp/libc_nano.a(libc_a-strlen.o)
 .ARM.attributes
                0x0000044e       0x1d /opt/st/stm32cubeide_2.0.0/plugins/com.st.stm32cube.ide.mcu.externaltools.gnu-tools-for-stm32.13.3.rel1.linux64_1.0.100.202509120712/tools/bin/../lib/gcc/arm-none-eabi/13.3.1/thumb/v7-m/nofp/libgcc.a(_arm_mulsf3.o)
 .ARM.attributes
                0x0000046b       0x1d /opt/st/stm32cubeide_2.0.0/plugins/com.st.stm32cube.ide.mcu.externaltools.gnu-tools-for-stm32.13.3.rel1.linux64_1.0.100.202509120712/tools/bin/../lib/gcc/arm-none-eabi/13.3.1/thumb/v7-m/nofp/libgcc.a(_arm_addsubsf3.o)
 .ARM.attributes
                0x00000488       0x1d /opt/st/stm32cubeide_2.0.0/plugins/com.st.stm32cube.ide.mcu.externaltools.gnu-tools-for-stm32.13.3.rel1.linux64_1.0.100.202509120712/tools/bin/../lib/gcc/arm-none-eabi/13.3.1/thumb/v7-m/nofp/crtn.o
OUTPUT(bno085.elf elf32-littlearm)
LOAD linker stubs
LOAD /opt/st/stm32cubeide_2.0.0/plugins/com.st.stm32cube.ide.mcu.externaltools.gnu-tools-for-stm32.13.3.rel1.linux64_1.0.100.202509120712/tools/bin/../lib/gcc/arm-none-eabi/13.3.1/../../../../arm-none-eabi/lib/thumb/v7-m/nofp/libc.a
LOAD /opt/st/stm32cubeide_2.0.0/plugins/com.st.stm32cube.ide.mcu.externaltools.gnu-tools-for-stm32.13.3.rel1.linux64_1.0.100.202509120712/tools/bin/../lib/gcc/arm-none-eabi/13.3.1/../../../../arm-none-eabi/lib/thumb/v7-m/nofp/libm.a
LOAD /opt/st/stm32cubeide_2.0.0/plugins/com.st.stm32cube.ide.mcu.externaltools.gnu-tools-for-stm32.13.3.rel1.linux64_1.0.100.202509120712/tools/bin/../lib/gcc/arm-none-eabi/13.3.1/thumb/v7-m/nofp/libgcc.a

.debug_info     0x00000000     0xce0d
 .debug_info    0x00000000     0x1161 ./Core/Src/bno085_stm32.o
 .debug_info    0x00001161      0x44e ./Core/Src/gpio.o
 .debug_info    0x000015af      0x879 ./Core/Src/i2c.o
 .debug_info    0x00001e28      0x2a3 ./Core/Src/main.o
 .debug_info    0x000020cb     0x3147 ./Core/Src/sh2.o
 .debug_info    0x00005212     0x1521 ./Core/Src/sh2_SensorValue.o
 .debug_info    0x00006733      0x35f ./Core/Src/sh2_util.o
 .debug_info    0x00006a92     0x1083 ./Core/Src/shtp.o
 .debug_info    0x00007b15      0x93b ./Core/Src/stm32_bno085_hal.o
 .debug_info    0x00008450      0x1f1 ./Core/Src/stm32f1xx_hal_msp.o
 .debug_info    0x00008641      0x14b ./Core/Src/stm32f1xx_it.o
 .debug_info    0x0000878c      0x222 ./Core/Src/system_stm32f1xx.o
 .debug_info    0x000089ae       0x30 ./Core/Startup/startup_stm32f103rbtx.o
 .debug_info    0x000089de      0x704 ./Drivers/STM32F1xx_HAL_Driver/Src/stm32f1xx_hal.o
 .debug_info    0x000090e2      0xa87 ./Drivers/STM32F1xx_HAL_Driver/Src/stm32f1xx_hal_cortex.o
 .debug_info    0x00009b69      0x5ab ./Drivers/STM32F1xx_HAL_Driver/Src/stm32f1xx_hal_gpio.o
 .debug_info    0x0000a114     0x2524 ./Drivers/STM32F1xx_HAL_Driver/Src/stm32f1xx_hal_i2c.o
 .debug_info    0x0000c638      0x7d5 ./Drivers/STM32F1xx_HAL_Driver/Src/stm32f1xx_hal_rcc.o

.debug_abbrev   0x00000000     0x2176
 .debug_abbrev  0x00000000      0x235 ./Core/Src/bno085_stm32.o
 .debug_abbrev  0x00000235      0x161 ./Core/Src/gpio.o
 .debug_abbrev  0x00000396      0x1ef ./Core/Src/i2c.o
 .debug_abbrev  0x00000585      0x187 ./Core/Src/main.o
 .debug_abbrev  0x0000070c      0x36a ./Core/Src/sh2.o
 .debug_abbrev  0x00000a76      0x220 ./Core/Src/sh2_SensorValue.o
 .debug_abbrev  0x00000c96       0xd8 ./Core/Src/sh2_util.o
 .debug_abbrev  0x00000d6e      0x2df ./Core/Src/shtp.o
 .debug_abbrev  0x0000104d      0x232 ./Core/Src/stm32_bno085_hal.o
 .debug_abbrev  0x0000127f       0xdb ./Core/Src/stm32f1xx_hal_msp.o
 .debug_abbrev  0x0000135a       0xa0 ./Core/Src/stm32f1xx_it.o
 .debug_abbrev  0x000013fa      0x13f ./Core/Src/system_stm32f1xx.o
 .debug_abbrev  0x00001539       0x24 ./Core/Startup/startup_stm32f103rbtx.o
 .debug_abbrev  0x0000155d      0x201 ./Drivers/STM32F1xx_HAL_Driver/Src/stm32f1xx_hal.o
 .debug_abbrev  0x0000175e      0x2f8 ./Drivers/STM32F1xx_HAL_Driver/Src/stm32f1xx_hal_cortex.o
 .debug_abbrev  0x00001a56      0x1ca ./Drivers/STM32F1xx_HAL_Driver/Src/stm32f1xx_hal_gpio.o
 .debug_abbrev  0x00001c20      0x2a3 ./Drivers/STM32F1xx_HAL_Driver/Src/stm32f1xx_hal_i2c.o
 .debug_abbrev  0x00001ec3      0x2b3 ./Drivers/STM32F1xx_HAL_Driver/Src/stm32f1xx_hal_rcc.o

.debug_aranges  0x00000000      0xcb0
 .debug_aranges
                0x00000000       0x48 ./Core/Src/bno085_stm32.o
 .debug_aranges
                0x00000048       0x20 ./Core/Src/gpio.o
 .debug_aranges
                0x00000068       0x30 ./Core/Src/i2c.o
 .debug_aranges
                0x00000098       0x30 ./Core/Src/main.o
 .debug_aranges
                0x000000c8      0x2c0 ./Core/Src/sh2.o
 .debug_aranges
                0x00000388      0x150 ./Core/Src/sh2_SensorValue.o
 .debug_aranges
                0x000004d8       0x78 ./Core/Src/sh2_util.o
 .debug_aranges
                0x00000550       0xd0 ./Core/Src/shtp.o
 .debug_aranges
                0x00000620       0x48 ./Core/Src/stm32_bno085_hal.o
 .debug_aranges
                0x00000668       0x20 ./Core/Src/stm32f1xx_hal_msp.o
 .debug_aranges
                0x00000688       0x68 ./Core/Src/stm32f1xx_it.o
 .debug_aranges
                0x000006f0       0x28 ./Core/Src/system_stm32f1xx.o
 .debug_aranges
                0x00000718       0x28 ./Core/Startup/startup_stm32f103rbtx.o
 .debug_aranges
                0x00000740       0xe0 ./Drivers/STM32F1xx_HAL_Driver/Src/stm32f1xx_hal.o
 .debug_aranges
                0x00000820      0x100 ./Drivers/STM32F1xx_HAL_Driver/Src/stm32f1xx_hal_cortex.o
 .debug_aranges
                0x00000920       0x58 ./Drivers/STM32F1xx_HAL_Driver/Src/stm32f1xx_hal_gpio.o
 .debug_aranges
                0x00000978      0x2a8 ./Drivers/STM32F1xx_HAL_Driver/Src/stm32f1xx_hal_i2c.o
 .debug_aranges
                0x00000c20       0x90 ./Drivers/STM32F1xx_HAL_Driver/Src/stm32f1xx_hal_rcc.o

.debug_rnglists
                0x00000000      0x9b0
 .debug_rnglists
                0x00000000       0x31 ./Core/Src/bno085_stm32.o
 .debug_rnglists
                0x00000031       0x14 ./Core/Src/gpio.o
 .debug_rnglists
                0x00000045       0x20 ./Core/Src/i2c.o
 .debug_rnglists
                0x00000065       0x20 ./Core/Src/main.o
 .debug_rnglists
                0x00000085      0x21e ./Core/Src/sh2.o
 .debug_rnglists
                0x000002a3      0x105 ./Core/Src/sh2_SensorValue.o
 .debug_rnglists
                0x000003a8       0x55 ./Core/Src/sh2_util.o
 .debug_rnglists
                0x000003fd       0xad ./Core/Src/shtp.o
 .debug_rnglists
                0x000004aa       0x32 ./Core/Src/stm32_bno085_hal.o
 .debug_rnglists
                0x000004dc       0x13 ./Core/Src/stm32f1xx_hal_msp.o
 .debug_rnglists
                0x000004ef       0x49 ./Core/Src/stm32f1xx_it.o
 .debug_rnglists
                0x00000538       0x1a ./Core/Src/system_stm32f1xx.o
 .debug_rnglists
                0x00000552       0x19 ./Core/Startup/startup_stm32f103rbtx.o
 .debug_rnglists
                0x0000056b       0xa3 ./Drivers/STM32F1xx_HAL_Driver/Src/stm32f1xx_hal.o
 .debug_rnglists
                0x0000060e       0xbb ./Drivers/STM32F1xx_HAL_Driver/Src/stm32f1xx_hal_cortex.o
 .debug_rnglists
                0x000006c9       0x3f ./Drivers/STM32F1xx_HAL_Driver/Src/stm32f1xx_hal_gpio.o
 .debug_rnglists
                0x00000708      0x23c ./Drivers/STM32F1xx_HAL_Driver/Src/stm32f1xx_hal_i2c.o
 .debug_rnglists
                0x00000944       0x6c ./Drivers/STM32F1xx_HAL_Driver/Src/stm32f1xx_hal_rcc.o

.debug_macro    0x00000000    0x17bd4
 .debug_macro   0x00000000      0x1d5 ./Core/Src/bno085_stm32.o
 .debug_macro   0x000001d5      0xacc ./Core/Src/bno085_stm32.o
 .debug_macro   0x00000ca1       0x22 ./Core/Src/bno085_stm32.o
 .debug_macro   0x00000cc3       0x8e ./Core/Src/bno085_stm32.o
 .debug_macro   0x00000d51       0x51 ./Core/Src/bno085_stm32.o
 .debug_macro   0x00000da2      0x103 ./Core/Src/bno085_stm32.o
 .debug_macro   0x00000ea5       0x6a ./Core/Src/bno085_stm32.o
 .debug_macro   0x00000f0f      0x1df ./Core/Src/bno085_stm32.o
 .debug_macro   0x000010ee       0x22 ./Core/Src/bno085_stm32.o
 .debug_macro   0x00001110       0x28 ./Core/Src/bno085_stm32.o
 .debug_macro   0x00001138      0x22b ./Core/Src/bno085_stm32.o
 .debug_macro   0x00001363       0xc1 ./Core/Src/bno085_stm32.o
 .debug_macro   0x00001424      0x21b ./Core/Src/bno085_stm32.o
 .debug_macro   0x0000163f       0x2e ./Core/Src/bno085_stm32.o
 .debug_macro   0x0000166d       0x22 ./Core/Src/bno085_stm32.o
 .debug_macro   0x0000168f       0x1c ./Core/Src/bno085_stm32.o
 .debug_macro   0x000016ab       0x22 ./Core/Src/bno085_stm32.o
 .debug_macro   0x000016cd       0xbd ./Core/Src/bno085_stm32.o
 .debug_macro   0x0000178a      0xd23 ./Core/Src/bno085_stm32.o
 .debug_macro   0x000024ad     0xe09e ./Core/Src/bno085_stm32.o
 .debug_macro   0x0001054b       0x6d ./Core/Src/bno085_stm32.o
 .debug_macro   0x000105b8     0x34a2 ./Core/Src/bno085_stm32.o
 .debug_macro   0x00013a5a      0x190 ./Core/Src/bno085_stm32.o
 .debug_macro   0x00013bea       0x5c ./Core/Src/bno085_stm32.o
 .debug_macro   0x00013c46      0x5bc ./Core/Src/bno085_stm32.o
 .debug_macro   0x00014202      0x289 ./Core/Src/bno085_stm32.o
 .debug_macro   0x0001448b      0x1cb ./Core/Src/bno085_stm32.o
 .debug_macro   0x00014656      0x114 ./Core/Src/bno085_stm32.o
 .debug_macro   0x0001476a      0x1b2 ./Core/Src/bno085_stm32.o
 .debug_macro   0x0001491c       0x27 ./Core/Src/bno085_stm32.o
 .debug_macro   0x00014943      0x136 ./Core/Src/bno085_stm32.o
 .debug_macro   0x00014a79      0x1bc ./Core/Src/bno085_stm32.o
 .debug_macro   0x00014c35       0x34 ./Core/Src/bno085_stm32.o
 .debug_macro   0x00014c69       0x3c ./Core/Src/bno085_stm32.o
 .debug_macro   0x00014ca5       0x57 ./Core/Src/bno085_stm32.o
 .debug_macro   0x00014cfc       0x87 ./Core/Src/bno085_stm32.o
 .debug_macro   0x00014d83      0x240 ./Core/Src/bno085_stm32.o
 .debug_macro   0x00014fc3      0x287 ./Core/Src/bno085_stm32.o
 .debug_macro   0x0001524a      0x140 ./Core/Src/bno085_stm32.o
 .debug_macro   0x0001538a      0x28e ./Core/Src/bno085_stm32.o
 .debug_macro   0x00015618       0x83 ./Core/Src/bno085_stm32.o
 .debug_macro   0x0001569b       0x34 ./Core/Src/bno085_stm32.o
 .debug_macro   0x000156cf      0x1b1 ./Core/Src/gpio.o
 .debug_macro   0x00015880       0x5e ./Core/Src/gpio.o
 .debug_macro   0x000158de      0x1b1 ./Core/Src/i2c.o
 .debug_macro   0x00015a8f      0x1c9 ./Core/Src/main.o
 .debug_macro   0x00015c58      0x39d ./Core/Src/sh2.o
 .debug_macro   0x00015ff5       0x52 ./Core/Src/sh2.o
 .debug_macro   0x00016047       0x10 ./Core/Src/sh2.o
 .debug_macro   0x00016057       0x61 ./Core/Src/sh2.o
 .debug_macro   0x000160b8       0x24 ./Core/Src/sh2.o
 .debug_macro   0x000160dc       0x43 ./Core/Src/sh2.o
 .debug_macro   0x0001611f       0x34 ./Core/Src/sh2.o
 .debug_macro   0x00016153      0x370 ./Core/Src/sh2.o
 .debug_macro   0x000164c3       0x16 ./Core/Src/sh2.o
 .debug_macro   0x000164d9       0x4a ./Core/Src/sh2.o
 .debug_macro   0x00016523       0x34 ./Core/Src/sh2.o
 .debug_macro   0x00016557       0x10 ./Core/Src/sh2.o
 .debug_macro   0x00016567       0x58 ./Core/Src/sh2.o
 .debug_macro   0x000165bf       0x8e ./Core/Src/sh2.o
 .debug_macro   0x0001664d       0x1c ./Core/Src/sh2.o
 .debug_macro   0x00016669      0x185 ./Core/Src/sh2.o
 .debug_macro   0x000167ee       0x10 ./Core/Src/sh2.o
 .debug_macro   0x000167fe       0x3c ./Core/Src/sh2.o
 .debug_macro   0x0001683a       0x20 ./Core/Src/sh2.o
 .debug_macro   0x0001685a       0xab ./Core/Src/sh2_SensorValue.o
 .debug_macro   0x00016905       0x73 ./Core/Src/sh2_util.o
 .debug_macro   0x00016978      0x1b8 ./Core/Src/shtp.o
 .debug_macro   0x00016b30       0x4c ./Core/Src/shtp.o
 .debug_macro   0x00016b7c      0x281 ./Core/Src/stm32_bno085_hal.o
 .debug_macro   0x00016dfd      0x1a7 ./Core/Src/stm32f1xx_hal_msp.o
 .debug_macro   0x00016fa4      0x1b1 ./Core/Src/stm32f1xx_it.o
 .debug_macro   0x00017155      0x198 ./Core/Src/system_stm32f1xx.o
 .debug_macro   0x000172ed      0x1bc ./Drivers/STM32F1xx_HAL_Driver/Src/stm32f1xx_hal.o
 .debug_macro   0x000174a9      0x198 ./Drivers/STM32F1xx_HAL_Driver/Src/stm32f1xx_hal_cortex.o
 .debug_macro   0x00017641      0x203 ./Drivers/STM32F1xx_HAL_Driver/Src/stm32f1xx_hal_gpio.o
 .debug_macro   0x00017844      0x1e6 ./Drivers/STM32F1xx_HAL_Driver/Src/stm32f1xx_hal_i2c.o
 .debug_macro   0x00017a2a      0x1aa ./Drivers/STM32F1xx_HAL_Driver/Src/stm32f1xx_hal_rcc.o

.debug_line     0x00000000     0xd594
 .debug_line    0x00000000      0x70c ./Core/Src/bno085_stm32.o
 .debug_line    0x0000070c      0x647 ./Core/Src/gpio.o
 .debug_line    0x00000d53      0x696 ./Core/Src/i2c.o
 .debug_line    0x000013e9      0x6be ./Core/Src/main.o
 .debug_line    0x00001aa7     0x195d ./Core/Src/sh2.o
 .debug_line    0x00003404      0xdf6 ./Core/Src/sh2_SensorValue.o
 .debug_line    0x000041fa      0x540 ./Core/Src/sh2_util.o
 .debug_line    0x0000473a      0xc54 ./Core/Src/shtp.o
 .debug_line    0x0000538e      0x8a2 ./Core/Src/stm32_bno085_hal.o
 .debug_line    0x00005c30      0x62c ./Core/Src/stm32f1xx_hal_msp.o
 .debug_line    0x0000625c      0x6f2 ./Core/Src/stm32f1xx_it.o
 .debug_line    0x0000694e      0x6aa ./Core/Src/system_stm32f1xx.o
 .debug_line    0x00006ff8       0x78 ./Core/Startup/startup_stm32f103rbtx.o
 .debug_line    0x00007070      0x8db ./Drivers/STM32F1xx_HAL_Driver/Src/stm32f1xx_hal.o
 .debug_line    0x0000794b      0xaa5 ./Drivers/STM32F1xx_HAL_Driver/Src/stm32f1xx_hal_cortex.o
 .debug_line    0x000083f0      0x938 ./Drivers/STM32F1xx_HAL_Driver/Src/stm32f1xx_hal_gpio.o
 .debug_line    0x00008d28     0x3ad8 ./Drivers/STM32F1xx_HAL_Driver/Src/stm32f1xx_hal_i2c.o
 .debug_line    0x0000c800      0xd94 ./Drivers/STM32F1xx_HAL_Driver/Src/stm32f1xx_hal_rcc.o

.debug_str      0x00000000    0x87645
 .debug_str     0x00000000    0x87645 ./Core/Src/bno085_stm32.o
                              0x80146 (size before relaxing)
 .debug_str     0x00087645        0x0 ./Core/Src/gpio.o
                              0x7e7bf (size before relaxing)
 .debug_str     0x00087645        0x0 ./Core/Src/i2c.o
                              0x7e9a0 (size before relaxing)
 .debug_str     0x00087645        0x0 ./Core/Src/main.o
                              0x7e5b9 (size before relaxing)
 .debug_str     0x00087645        0x0 ./Core/Src/sh2.o
                               0x9ff8 (size before relaxing)
 .debug_str     0x00087645        0x0 ./Core/Src/sh2_SensorValue.o
                               0x5c58 (size before relaxing)
 .debug_str     0x00087645        0x0 ./Core/Src/sh2_util.o
                               0x3e3f (size before relaxing)
 .debug_str     0x00087645        0x0 ./Core/Src/shtp.o
                               0x7bfe (size before relaxing)
 .debug_str     0x00087645        0x0 ./Core/Src/stm32_bno085_hal.o
                              0x81b68 (size before relaxing)
 .debug_str     0x00087645        0x0 ./Core/Src/stm32f1xx_hal_msp.o
                              0x7e440 (size before relaxing)
 .debug_str     0x00087645        0x0 ./Core/Src/stm32f1xx_it.o
                              0x7e497 (size before relaxing)
 .debug_str     0x00087645        0x0 ./Core/Src/system_stm32f1xx.o
                              0x7e329 (size before relaxing)
 .debug_str     0x00087645        0x0 ./Core/Startup/startup_stm32f103rbtx.o
                                 0x68 (size before relaxing)
 .debug_str     0x00087645        0x0 ./Drivers/STM32F1xx_HAL_Driver/Src/stm32f1xx_hal.o
                              0x7ea5c (size before relaxing)
 .debug_str     0x00087645        0x0 ./Drivers/STM32F1xx_HAL_Driver/Src/stm32f1xx_hal_cortex.o
                              0x7e9a8 (size before relaxing)
 .debug_str     0x00087645        0x0 ./Drivers/STM32F1xx_HAL_Driver/Src/stm32f1xx_hal_gpio.o
                              0x7e6af (size before relaxing)
 .debug_str     0x00087645        0x0 ./Drivers/STM32F1xx_HAL_Driver/Src/stm32f1xx_hal_i2c.o
                              0x7f3f0 (size before relaxing)
 .debug_str     0x00087645        0x0 ./Drivers/STM32F1xx_HAL_Driver/Src/stm32f1xx_hal_rcc.o
                              0x7e758 (size before relaxing)

.comment        0x00000000       0x43
 .comment       0x00000000       0x43 ./Core/Src/bno085_stm32.o
                                 0x44 (size before relaxing)
 .comment       0x00000043        0x0 ./Core/Src/gpio.o
                                 0x44 (size before relaxing)
 .comment       0x00000043        0x0 ./Core/Src/i2c.o
                                 0x44 (size before relaxing)
 .comment       0x00000043        0x0 ./Core/Src/main.o
                                 0x44 (size before relaxing)
 .comment       0x00000043        0x0 ./Core/Src/sh2.o
                                 0x44 (size before relaxing)
 .comment       0x00000043        0x0 ./Core/Src/sh2_SensorValue.o
                                 0x44 (size before relaxing)
 .comment       0x00000043        0x0 ./Core/Src/sh2_util.o
                                 0x44 (size before relaxing)
 .comment       0x00000043        0x0 ./Core/Src/shtp.o
                                 0x44 (size before relaxing)
 .comment       0x00000043        0x0 ./Core/Src/stm32_bno085_hal.o
                                 0x44 (size before relaxing)
 .comment       0x00000043        0x0 ./Core/Src/stm32f1xx_hal_msp.o
                                 0x44 (size before relaxing)
 .comment       0x00000043        0x0 ./Core/Src/stm32f1xx_it.o
                                 0x44 (size before relaxing)
 .comment       0x00000043        0x0 ./Core/Src/system_stm32f1xx.o
                                 0x44 (size before relaxing)
 .comment       0x00000043        0x0 ./Drivers/STM32F1xx_HAL_Driver/Src/stm32f1xx_hal.o
                                 0x44 (size before relaxing)
 .comment       0x00000043        0x0 ./Drivers/STM32F1xx_HAL_Driver/Src/stm32f1xx_hal_cortex.o
                                 0x44 (size before relaxing)
 .comment       0x00000043        0x0 ./Drivers/STM32F1xx_HAL_Driver/Src/stm32f1xx_hal_gpio.o
                                 0x44 (size before relaxing)
 .comment       0x00000043        0x0 ./Drivers/STM32F1xx_HAL_Driver/Src/stm32f1xx_hal_i2c.o
                                 0x44 (size before relaxing)
 .comment       0x00000043        0x0 ./Drivers/STM32F1xx_HAL_Driver/Src/stm32f1xx_hal_rcc.o
                                 0x44 (size before relaxing)

.debug_frame    0x00000000     0x3434
 .debug_frame   0x00000000       0xdc ./Core/Src/bno085_stm32.o
 .debug_frame   0x000000dc       0x34 ./Core/Src/gpio.o
 .debug_frame   0x00000110       0x74 ./Core/Src/i2c.o
 .debug_frame   0x00000184       0x68 ./Core/Src/main.o
 .debug_frame   0x000001ec      0xc40 ./Core/Src/sh2.o
 .debug_frame   0x00000e2c      0x5a4 ./Core/Src/sh2_SensorValue.o
 .debug_frame   0x000013d0      0x1f0 ./Core/Src/sh2_util.o
 .debug_frame   0x000015c0      0x36c ./Core/Src/shtp.o
 .debug_frame   0x0000192c       0xf0 ./Core/Src/stm32_bno085_hal.o
 .debug_frame   0x00001a1c       0x38 ./Core/Src/stm32f1xx_hal_msp.o
 .debug_frame   0x00001a54      0x120 ./Core/Src/stm32f1xx_it.o
 .debug_frame   0x00001b74       0x58 ./Core/Src/system_stm32f1xx.o
 .debug_frame   0x00001bcc      0x334 ./Drivers/STM32F1xx_HAL_Driver/Src/stm32f1xx_hal.o
 .debug_frame   0x00001f00      0x428 ./Drivers/STM32F1xx_HAL_Driver/Src/stm32f1xx_hal_cortex.o
 .debug_frame   0x00002328      0x14c ./Drivers/STM32F1xx_HAL_Driver/Src/stm32f1xx_hal_gpio.o
 .debug_frame   0x00002474      0xc84 ./Drivers/STM32F1xx_HAL_Driver/Src/stm32f1xx_hal_i2c.o
 .debug_frame   0x000030f8      0x218 ./Drivers/STM32F1xx_HAL_Driver/Src/stm32f1xx_hal_rcc.o
 .debug_frame   0x00003310       0x20 /opt/st/stm32cubeide_2.0.0/plugins/com.st.stm32cube.ide.mcu.externaltools.gnu-tools-for-stm32.13.3.rel1.linux64_1.0.100.202509120712/tools/bin/../lib/gcc/arm-none-eabi/13.3.1/../../../../arm-none-eabi/lib/thumb/v7-m/nofp/libc_nano.a(libc_a-memset.o)
 .debug_frame   0x00003330       0x2c /opt/st/stm32cubeide_2.0.0/plugins/com.st.stm32cube.ide.mcu.externaltools.gnu-tools-for-stm32.13.3.rel1.linux64_1.0.100.202509120712/tools/bin/../lib/gcc/arm-none-eabi/13.3.1/../../../../arm-none-eabi/lib/thumb/v7-m/nofp/libc_nano.a(libc_a-init.o)
 .debug_frame   0x0000335c       0x20 /opt/st/stm32cubeide_2.0.0/plugins/com.st.stm32cube.ide.mcu.externaltools.gnu-tools-for-stm32.13.3.rel1.linux64_1.0.100.202509120712/tools/bin/../lib/gcc/arm-none-eabi/13.3.1/../../../../arm-none-eabi/lib/thumb/v7-m/nofp/libc_nano.a(libc_a-strcmp.o)
 .debug_frame   0x0000337c       0x20 /opt/st/stm32cubeide_2.0.0/plugins/com.st.stm32cube.ide.mcu.externaltools.gnu-tools-for-stm32.13.3.rel1.linux64_1.0.100.202509120712/tools/bin/../lib/gcc/arm-none-eabi/13.3.1/../../../../arm-none-eabi/lib/thumb/v7-m/nofp/libc_nano.a(libc_a-strcpy.o)
 .debug_frame   0x0000339c       0x28 /opt/st/stm32cubeide_2.0.0/plugins/com.st.stm32cube.ide.mcu.externaltools.gnu-tools-for-stm32.13.3.rel1.linux64_1.0.100.202509120712/tools/bin/../lib/gcc/arm-none-eabi/13.3.1/../../../../arm-none-eabi/lib/thumb/v7-m/nofp/libc_nano.a(libc_a-memcpy-stub.o)
 .debug_frame   0x000033c4       0x24 /opt/st/stm32cubeide_2.0.0/plugins/com.st.stm32cube.ide.mcu.externaltools.gnu-tools-for-stm32.13.3.rel1.linux64_1.0.100.202509120712/tools/bin/../lib/gcc/arm-none-eabi/13.3.1/thumb/v7-m/nofp/libgcc.a(_arm_mulsf3.o)
 .debug_frame   0x000033e8       0x4c /opt/st/stm32cubeide_2.0.0/plugins/com.st.stm32cube.ide.mcu.externaltools.gnu-tools-for-stm32.13.3.rel1.linux64_1.0.100.202509120712/tools/bin/../lib/gcc/arm-none-eabi/13.3.1/thumb/v7-m/nofp/libgcc.a(_arm_addsubsf3.o)

.debug_line_str
                0x00000000       0x4c
 .debug_line_str
                0x00000000       0x4c ./Core/Startup/startup_stm32f103rbtx.o
