../Core/Src/sh2.c:332:12:opStart	24	static
../Core/Src/sh2.c:350:13:opRx	24	static
../Core/Src/sh2.c:358:13:sensorhubAdvertHdlr	40	static
../Core/Src/sh2.c:398:13:sensorhubControlHdlr	56	static
../Core/Src/sh2.c:467:12:opCompleted	16	static
../Core/Src/sh2.c:478:12:opProcess	32	static
../Core/Src/sh2.c:512:16:getReportLen	24	static
../Core/Src/sh2.c:524:17:touSTimestamp	56	static
../Core/Src/sh2.c:542:13:sensorhubInputHdlr	88	static
../Core/Src/sh2.c:594:13:sensorhubInputNormalHdlr	32	static
../Core/Src/sh2.c:601:13:sensorhubInputWakeHdlr	32	static
../Core/Src/sh2.c:608:13:sensorhubInputGyroRvHdlr	80	static
../Core/Src/sh2.c:631:13:executableAdvertHdlr	24	static
../Core/Src/sh2.c:636:13:executableDeviceHdlr	32	static
../Core/Src/sh2.c:663:12:sendExecutable	16	static
../Core/Src/sh2.c:668:12:sendCtrl	24	static
../Core/Src/sh2.c:673:16:toQ14	24	static
../Core/Src/sh2.c:684:12:getProdIdStart	24	static
../Core/Src/sh2.c:702:13:getProdIdRx	40	static
../Core/Src/sh2.c:755:12:getSensorConfigStart	24	static
../Core/Src/sh2.c:769:13:getSensorConfigRx	32	static
../Core/Src/sh2.c:816:12:setSensorConfigStart	48	static
../Core/Src/sh2.c:931:12:getFrsStart	32	static
../Core/Src/sh2.c:951:13:getFrsRx	32	static
../Core/Src/sh2.c:1060:13:stuffMetadata	24	static
../Core/Src/sh2.c:1129:12:setFrsStart	32	static
../Core/Src/sh2.c:1148:13:setFrsRx	56	static
../Core/Src/sh2.c:1224:12:sendCmd	48	static
../Core/Src/sh2.c:1250:12:sendCmd0	32	static
../Core/Src/sh2.c:1260:12:sendCmd1	32	static
../Core/Src/sh2.c:1271:12:sendCmd2	32	static
../Core/Src/sh2.c:1282:13:wrongResponse	16	static
../Core/Src/sh2.c:1294:12:getErrorsStart	16	static
../Core/Src/sh2.c:1302:13:getErrorsRx	32	static
../Core/Src/sh2.c:1340:12:getCountsStart	16	static
../Core/Src/sh2.c:1345:13:getCountsRx	40	static
../Core/Src/sh2.c:1377:12:sendCmdStart	24	static
../Core/Src/sh2.c:1394:12:reinitStart	24	static
../Core/Src/sh2.c:1401:13:reinitRx	32	static
../Core/Src/sh2.c:1425:12:saveDcdNowStart	24	static
../Core/Src/sh2.c:1432:13:saveDcdNowRx	32	static
../Core/Src/sh2.c:1456:12:getOscTypeStart	16	static
../Core/Src/sh2.c:1461:13:getOscTypeRx	32	static
../Core/Src/sh2.c:1485:12:setCalConfigStart	32	static
../Core/Src/sh2.c:1501:13:setCalConfigRx	32	static
../Core/Src/sh2.c:1526:12:getCalConfigStart	32	static
../Core/Src/sh2.c:1539:13:getCalConfigRx	40	static
../Core/Src/sh2.c:1574:12:forceFlushStart	24	static
../Core/Src/sh2.c:1585:13:forceFlushRx	32	static
../Core/Src/sh2.c:1605:12:startCalStart	32	static
../Core/Src/sh2.c:1622:13:startCalRx	32	static
../Core/Src/sh2.c:1641:12:finishCalStart	16	static
../Core/Src/sh2.c:1646:13:finishCalRx	32	static
../Core/Src/sh2.c:1673:13:shtpEventCallback	24	static
../Core/Src/sh2.c:1701:5:sh2_open	48	static
../Core/Src/sh2.c:1765:6:sh2_close	16	static
../Core/Src/sh2.c:1780:6:sh2_service	16	static
../Core/Src/sh2.c:1794:5:sh2_setSensorCallback	24	static
../Core/Src/sh2.c:1809:5:sh2_devReset	16	static
../Core/Src/sh2.c:1821:5:sh2_devOn	16	static
../Core/Src/sh2.c:1833:5:sh2_devSleep	16	static
../Core/Src/sh2.c:1846:5:sh2_getProdIds	24	static
../Core/Src/sh2.c:1865:5:sh2_getSensorConfig	24	static
../Core/Src/sh2.c:1886:5:sh2_setSensorConfig	24	static
../Core/Src/sh2.c:1907:5:sh2_getMetadata	32	static
../Core/Src/sh2.c:1956:5:sh2_getFrs	32	static
../Core/Src/sh2.c:1983:5:sh2_setFrs	24	static
../Core/Src/sh2.c:2009:5:sh2_getErrors	32	static
../Core/Src/sh2.c:2030:5:sh2_getCounts	24	static
../Core/Src/sh2.c:2049:5:sh2_clearCounts	24	static
../Core/Src/sh2.c:2071:5:sh2_setTareNow	24	static
../Core/Src/sh2.c:2093:5:sh2_clearTare	16	static
../Core/Src/sh2.c:2112:5:sh2_persistTare	16	static
../Core/Src/sh2.c:2132:5:sh2_setReorientation	32	static
../Core/Src/sh2.c:2160:5:sh2_reinitialize	16	static
../Core/Src/sh2.c:2172:5:sh2_saveDcdNow	16	static
../Core/Src/sh2.c:2185:5:sh2_getOscType	24	static
../Core/Src/sh2.c:2200:5:sh2_setCalConfig	24	static
../Core/Src/sh2.c:2215:5:sh2_getCalConfig	24	static
../Core/Src/sh2.c:2230:5:sh2_setDcdAutoSave	24	static
../Core/Src/sh2.c:2249:5:sh2_flush	24	static
../Core/Src/sh2.c:2266:5:sh2_clearDcdAndReset	16	static
../Core/Src/sh2.c:2284:5:sh2_startCal	24	static
../Core/Src/sh2.c:2302:5:sh2_finishCal	24	static
../Core/Src/sh2.c:2318:5:sh2_setIZro	24	static
