../Core/Src/sh2_SensorValue.c:75:5:sh2_decodeSensorEvent	24	static
../Core/Src/sh2_SensorValue.c:224:12:decodeRawAccelerometer	16	static
../Core/Src/sh2_SensorValue.c:234:12:decodeAccelerometer	16	static
../Core/Src/sh2_SensorValue.c:243:12:decodeLinearAcceleration	16	static
../Core/Src/sh2_SensorValue.c:252:12:decodeGravity	16	static
../Core/Src/sh2_SensorValue.c:261:12:decodeRawGyroscope	16	static
../Core/Src/sh2_SensorValue.c:272:12:decodeGyroscopeCalibrated	16	static
../Core/Src/sh2_SensorValue.c:281:12:decodeGyroscopeUncal	16	static
../Core/Src/sh2_SensorValue.c:294:12:decodeRawMagnetometer	16	static
../Core/Src/sh2_SensorValue.c:304:12:decodeMagneticFieldCalibrated	16	static
../Core/Src/sh2_SensorValue.c:313:12:decodeMagneticFieldUncal	16	static
../Core/Src/sh2_SensorValue.c:326:12:decodeRotationVector	16	static
../Core/Src/sh2_SensorValue.c:337:12:decodeGameRotationVector	16	static
../Core/Src/sh2_SensorValue.c:347:12:decodeGeomagneticRotationVector	16	static
../Core/Src/sh2_SensorValue.c:358:12:decodePressure	16	static
../Core/Src/sh2_SensorValue.c:365:12:decodeAmbientLight	16	static
../Core/Src/sh2_SensorValue.c:372:12:decodeHumidity	16	static
../Core/Src/sh2_SensorValue.c:379:12:decodeProximity	16	static
../Core/Src/sh2_SensorValue.c:386:12:decodeTemperature	16	static
../Core/Src/sh2_SensorValue.c:393:12:decodeReserved	16	static
../Core/Src/sh2_SensorValue.c:400:12:decodeTapDetector	16	static
../Core/Src/sh2_SensorValue.c:407:12:decodeStepDetector	16	static
../Core/Src/sh2_SensorValue.c:414:12:decodeStepCounter	16	static
../Core/Src/sh2_SensorValue.c:422:12:decodeSignificantMotion	16	static
../Core/Src/sh2_SensorValue.c:429:12:decodeStabilityClassifier	16	static
../Core/Src/sh2_SensorValue.c:436:12:decodeShakeDetector	16	static
../Core/Src/sh2_SensorValue.c:443:12:decodeFlipDetector	16	static
../Core/Src/sh2_SensorValue.c:450:12:decodePickupDetector	16	static
../Core/Src/sh2_SensorValue.c:457:12:decodeStabilityDetector	16	static
../Core/Src/sh2_SensorValue.c:464:12:decodePersonalActivityClassifier	24	static
../Core/Src/sh2_SensorValue.c:476:12:decodeSleepDetector	16	static
../Core/Src/sh2_SensorValue.c:483:12:decodeTiltDetector	16	static
../Core/Src/sh2_SensorValue.c:490:12:decodePocketDetector	16	static
../Core/Src/sh2_SensorValue.c:497:12:decodeCircleDetector	16	static
../Core/Src/sh2_SensorValue.c:504:12:decodeHeartRateMonitor	16	static
../Core/Src/sh2_SensorValue.c:511:12:decodeArvrStabilizedRV	16	static
../Core/Src/sh2_SensorValue.c:522:12:decodeArvrStabilizedGRV	16	static
../Core/Src/sh2_SensorValue.c:532:12:decodeGyroIntegratedRV	16	static
../Core/Src/sh2_SensorValue.c:545:12:decodeIZroRequest	16	static
