../Core/Src/shtp.c:156:13:shtp_init	8	static
../Core/Src/shtp.c:167:16:getInstance	16	static
../Core/Src/shtp.c:181:13:addAdvertListener	32	static
../Core/Src/shtp.c:200:13:updateCallbacks	32	static
../Core/Src/shtp.c:241:12:addChanListener	32	static
../Core/Src/shtp.c:264:24:min_u16	16	static
../Core/Src/shtp.c:275:12:txProcess	48	static
../Core/Src/shtp.c:331:13:shtpAdvertHdlr	32	static
../Core/Src/shtp.c:347:13:addApp	24	static
../Core/Src/shtp.c:369:13:setAppName	32	static
../Core/Src/shtp.c:384:13:addChannel	32	static
../Core/Src/shtp.c:405:13:callAdvertHandler	40	static
../Core/Src/shtp.c:421:13:processAdvertisement	120	static
../Core/Src/shtp.c:526:13:shtpCmdListener	32	static
../Core/Src/shtp.c:544:13:rxAssemble	40	static
../Core/Src/shtp.c:644:7:shtp_open	32	static
../Core/Src/shtp.c:698:6:shtp_close	24	static
../Core/Src/shtp.c:710:6:shtp_setEventCallback	32	static
../Core/Src/shtp.c:720:5:shtp_listenChan	40	static
../Core/Src/shtp.c:733:5:shtp_listenAdvert	32	static
../Core/Src/shtp.c:751:9:shtp_chanNo	40	static
../Core/Src/shtp.c:781:5:shtp_send	32	static
../Core/Src/shtp.c:801:6:shtp_service	40	static
